Table allocation done 1 time(s), state = INITIAL
Number of stages in table allocation: 12
  Number of stages for ingress table allocation: 12
  Number of stages for egress table allocation: 0
Critical path length through the table dependency graph: 6
Number of tables allocated: 25
+-------+-------------------------------+
|Stage  |Table Name                     |
+-------+-------------------------------+
|0      |tbl_lazy_bf2m_cms64x1024l480   |
|0      |tbl_lazy_bf2m_cms64x1024l483   |
|0      |SwitchIngress.ipv4_lpm         |
|0      |tbl_miss                       |
|1      |SwitchIngress.tbl_hash1        |
|1      |SwitchIngress.tbl_hash0        |
|1      |tbl_master_hash_0$precompute   |
|2      |SwitchIngress.tbl_hash2        |
|3      |SwitchIngress.tbl_bf0          |
|4      |SwitchIngress.tbl_bf1          |
|4      |tbl_lazy_bf2m_cms64x1024l498   |
|5      |SwitchIngress.tbl_bf2          |
|5      |tbl_lazy_bf2m_cms64x1024l499   |
|6      |SwitchIngress.tbl_master_hash  |
|6      |tbl_lazy_bf2m_cms64x1024l500   |
|7      |SwitchIngress.tbl_col_hash_2   |
|7      |SwitchIngress.tbl_col_hash_1   |
|7      |SwitchIngress.tbl_col_hash_0   |
|8      |SwitchIngress.tbl_cms_idx_2    |
|8      |SwitchIngress.tbl_cms_idx_1    |
|8      |SwitchIngress.tbl_cms_idx_0    |
|9      |SwitchIngress.tbl_cms_0        |
|10     |SwitchIngress.tbl_cms_1        |
|11     |SwitchIngress.tbl_cms_2        |
|11     |tbl_lazy_bf2m_cms64x1024l518   |
|0      |cond-7                         |
|0      |cond-8                         |
|0      |cond-9                         |
|4      |cond-10                        |
|5      |cond-11                        |
|6      |cond-12                        |
+-------+-------------------------------+

Table allocation done 2 time(s), state = NOCC_TRY1
Number of stages in table allocation: 12
  Number of stages for ingress table allocation: 12
  Number of stages for egress table allocation: 0
Critical path length through the table dependency graph: 6
Number of tables allocated: 25
+-------+-------------------------------+
|Stage  |Table Name                     |
+-------+-------------------------------+
|0      |tbl_lazy_bf2m_cms64x1024l480   |
|0      |tbl_lazy_bf2m_cms64x1024l483   |
|0      |SwitchIngress.ipv4_lpm         |
|0      |tbl_miss                       |
|1      |SwitchIngress.tbl_hash1        |
|1      |SwitchIngress.tbl_hash0        |
|1      |tbl_master_hash_0$precompute   |
|2      |SwitchIngress.tbl_hash2        |
|3      |SwitchIngress.tbl_bf0          |
|4      |SwitchIngress.tbl_bf1          |
|4      |tbl_lazy_bf2m_cms64x1024l498   |
|5      |SwitchIngress.tbl_bf2          |
|5      |tbl_lazy_bf2m_cms64x1024l499   |
|6      |SwitchIngress.tbl_master_hash  |
|6      |tbl_lazy_bf2m_cms64x1024l500   |
|7      |SwitchIngress.tbl_col_hash_2   |
|7      |SwitchIngress.tbl_col_hash_1   |
|7      |SwitchIngress.tbl_col_hash_0   |
|8      |SwitchIngress.tbl_cms_idx_2    |
|8      |SwitchIngress.tbl_cms_idx_1    |
|8      |SwitchIngress.tbl_cms_idx_0    |
|9      |SwitchIngress.tbl_cms_0        |
|10     |SwitchIngress.tbl_cms_1        |
|11     |SwitchIngress.tbl_cms_2        |
|11     |tbl_lazy_bf2m_cms64x1024l518   |
|0      |cond-7                         |
|0      |cond-8                         |
|0      |cond-9                         |
|4      |cond-10                        |
|5      |cond-11                        |
|6      |cond-12                        |
+-------+-------------------------------+

Table allocation done 3 time(s), state = REDO_PHV1
Number of stages in table allocation: 12
  Number of stages for ingress table allocation: 12
  Number of stages for egress table allocation: 0
Critical path length through the table dependency graph: 6
Invoking table placement without container conflicts because previous round of table placement took 12 stages.
Number of tables allocated: 25
+-------+-------------------------------+
|Stage  |Table Name                     |
+-------+-------------------------------+
|0      |tbl_lazy_bf2m_cms64x1024l480   |
|0      |tbl_lazy_bf2m_cms64x1024l483   |
|0      |SwitchIngress.ipv4_lpm         |
|0      |tbl_miss                       |
|1      |SwitchIngress.tbl_hash1        |
|1      |SwitchIngress.tbl_hash0        |
|1      |tbl_master_hash_0$precompute   |
|2      |SwitchIngress.tbl_hash2        |
|3      |SwitchIngress.tbl_bf0          |
|4      |SwitchIngress.tbl_bf1          |
|4      |tbl_lazy_bf2m_cms64x1024l498   |
|5      |SwitchIngress.tbl_bf2          |
|5      |tbl_lazy_bf2m_cms64x1024l499   |
|6      |SwitchIngress.tbl_master_hash  |
|6      |tbl_lazy_bf2m_cms64x1024l500   |
|7      |SwitchIngress.tbl_col_hash_2   |
|7      |SwitchIngress.tbl_col_hash_1   |
|7      |SwitchIngress.tbl_col_hash_0   |
|8      |SwitchIngress.tbl_cms_idx_2    |
|8      |SwitchIngress.tbl_cms_idx_1    |
|8      |SwitchIngress.tbl_cms_idx_0    |
|9      |SwitchIngress.tbl_cms_0        |
|10     |SwitchIngress.tbl_cms_1        |
|11     |SwitchIngress.tbl_cms_2        |
|11     |tbl_lazy_bf2m_cms64x1024l518   |
|0      |cond-7                         |
|0      |cond-8                         |
|0      |cond-9                         |
|4      |cond-10                        |
|5      |cond-11                        |
|6      |cond-12                        |
+-------+-------------------------------+

Table allocation done 4 time(s), state = NOCC_TRY2
Number of stages in table allocation: 12
  Number of stages for ingress table allocation: 12
  Number of stages for egress table allocation: 0
Critical path length through the table dependency graph: 6
Invoking table placement without metadata initialization because container second conflict-free table placement required 12 stages.
Number of tables allocated: 25
+-------+-------------------------------+
|Stage  |Table Name                     |
+-------+-------------------------------+
|0      |tbl_lazy_bf2m_cms64x1024l480   |
|0      |tbl_lazy_bf2m_cms64x1024l483   |
|0      |SwitchIngress.ipv4_lpm         |
|0      |tbl_miss                       |
|1      |SwitchIngress.tbl_hash1        |
|1      |SwitchIngress.tbl_hash0        |
|1      |tbl_master_hash_0$precompute   |
|2      |SwitchIngress.tbl_hash2        |
|3      |SwitchIngress.tbl_bf0          |
|4      |SwitchIngress.tbl_bf1          |
|4      |tbl_lazy_bf2m_cms64x1024l498   |
|5      |SwitchIngress.tbl_bf2          |
|5      |tbl_lazy_bf2m_cms64x1024l499   |
|6      |SwitchIngress.tbl_master_hash  |
|6      |tbl_lazy_bf2m_cms64x1024l500   |
|7      |SwitchIngress.tbl_col_hash_2   |
|7      |SwitchIngress.tbl_col_hash_1   |
|7      |SwitchIngress.tbl_col_hash_0   |
|8      |SwitchIngress.tbl_cms_idx_2    |
|8      |SwitchIngress.tbl_cms_idx_1    |
|8      |SwitchIngress.tbl_cms_idx_0    |
|9      |SwitchIngress.tbl_cms_0        |
|10     |SwitchIngress.tbl_cms_1        |
|11     |SwitchIngress.tbl_cms_2        |
|11     |tbl_lazy_bf2m_cms64x1024l518   |
|0      |cond-7                         |
|0      |cond-8                         |
|0      |cond-9                         |
|4      |cond-10                        |
|5      |cond-11                        |
|6      |cond-12                        |
+-------+-------------------------------+

Table allocation done 5 time(s), state = REDO_PHV2
Number of stages in table allocation: 12
  Number of stages for ingress table allocation: 12
  Number of stages for egress table allocation: 0
Critical path length through the table dependency graph: 6
Number of tables allocated: 25
+-------+-------------------------------+
|Stage  |Table Name                     |
+-------+-------------------------------+
|0      |tbl_lazy_bf2m_cms64x1024l480   |
|0      |tbl_lazy_bf2m_cms64x1024l483   |
|0      |SwitchIngress.ipv4_lpm         |
|0      |tbl_miss                       |
|1      |SwitchIngress.tbl_hash1        |
|1      |SwitchIngress.tbl_hash0        |
|1      |tbl_master_hash_0$precompute   |
|2      |SwitchIngress.tbl_hash2        |
|3      |SwitchIngress.tbl_bf0          |
|4      |SwitchIngress.tbl_bf1          |
|4      |tbl_lazy_bf2m_cms64x1024l498   |
|5      |SwitchIngress.tbl_bf2          |
|5      |tbl_lazy_bf2m_cms64x1024l499   |
|6      |SwitchIngress.tbl_master_hash  |
|6      |tbl_lazy_bf2m_cms64x1024l500   |
|7      |SwitchIngress.tbl_col_hash_2   |
|7      |SwitchIngress.tbl_col_hash_1   |
|7      |SwitchIngress.tbl_col_hash_0   |
|8      |SwitchIngress.tbl_cms_idx_2    |
|8      |SwitchIngress.tbl_cms_idx_1    |
|8      |SwitchIngress.tbl_cms_idx_0    |
|9      |SwitchIngress.tbl_cms_0        |
|10     |SwitchIngress.tbl_cms_1        |
|11     |SwitchIngress.tbl_cms_2        |
|11     |tbl_lazy_bf2m_cms64x1024l518   |
|0      |cond-7                         |
|0      |cond-8                         |
|0      |cond-9                         |
|4      |cond-10                        |
|5      |cond-11                        |
|6      |cond-12                        |
+-------+-------------------------------+

